
> portfolio@0.0.0 build
> vite build

[36mvite v7.3.3 [32mbuilding client environment for production...[36m[39m
transforming...
[32mΓ£ô[39m 45 modules transformed.
node.exe : [31mΓ£ù[39m 
Build failed in 1.16s
At C:\Program 
Files\nodejs\npm.ps1:29 char:3
+   & $NODE_EXE $NPM_CLI_JS 
$args
+   
~~~~~~~~~~~~~~~~~~~~~~~~~~~~~
    + CategoryInfo          : 
    NotSpecified: ([31mΓ£ù  
  [39m Build failed in 1.16   
 s:String) [], RemoteExcep    
tion
    + FullyQualifiedErrorId : 
    NativeCommandError
 
[31merror during build:
[31mCould not resolve 
"../../../public/Rajeev 
Ranjan Resume.pdf" from "src/a
ssets/components/Contact.jsx"
[31m
file: [36mC:/portfolio/src/as
sets/components/Contact.jsx[3
1m
    at getRollupError (file://
/C:/portfolio/node_modules/rol
lup/dist/es/shared/parseAst.js
:406:41)
    at error (file:///C:/portf
olio/node_modules/rollup/dist/
es/shared/parseAst.js:402:42)
    at ModuleLoader.handleInva
lidResolvedId (file:///C:/port
folio/node_modules/rollup/dist
/es/shared/node-entry.js:22127
:24)
    at file:///C:/portfolio/no
de_modules/rollup/dist/es/shar
ed/node-entry.js:22087:26[39m
